{smcl}
{com}{sf}{ul off}{txt}{.-}
      name:  {res}<unnamed>
       {txt}log:  {res}/Users/chaoimacmini/Downloads/LSHTMlearningnote/backupfiles/sme2.smcl
  {txt}log type:  {res}smcl
 {txt}opened on:  {res}17 Aug 2021, 22:19:30
{txt}
{com}. cd "~/Downloads/LSHTMlearningnote/backupfiles/"
{res}/Users/chaoimacmini/Downloads/LSHTMlearningnote/backupfiles
{txt}
{com}. use "whitehal.dta", clear
{txt}(Whitehall Study - 10% sample)

{com}. 
. stset timeout, fail(all) enter(timein) origin(timein) id(id) scale(365.25)

                {txt}id:  {res}id
     {txt}failure event:  {res}all != 0 & all < .
{txt}obs. time interval:  {res}(timeout[_n-1], timeout]
{txt} enter on or after:  {res}time timein
{txt} exit on or before:  {res}failure
    {txt}t for analysis:  {res}(time-origin)/365.25
            {txt}origin:  {res}time timein

{txt}{hline 78}
{res}      1,677{txt}  total observations
{res}          0{txt}  exclusions
{hline 78}
{res}      1,677{txt}  observations remaining, representing
{res}      1,677{txt}  subjects
{res}        403{txt}  failures in single-failure-per-subject data
{res} 27,605.371{txt}  total analysis time at risk and under observation
                                                at risk from t = {res}        0
                                     {txt}earliest observed entry t = {res}        0
                                          {txt}last observed exit t = {res} 19.38123
{txt}
{com}. 
{txt}end of do-file

{com}. do "/var/folders/hv/m2nrhp7j4gd53fjvf985xgy80000gn/T//SD16921.000000"
{txt}
{com}. stset timeout, fail(chd) origin(timein) id(id) scale(365.25)

                {txt}id:  {res}id
     {txt}failure event:  {res}chd != 0 & chd < .
{txt}obs. time interval:  {res}(timeout[_n-1], timeout]
{txt} exit on or before:  {res}failure
    {txt}t for analysis:  {res}(time-origin)/365.25
            {txt}origin:  {res}time timein

{txt}{hline 78}
{res}      1,677{txt}  total observations
{res}          0{txt}  exclusions
{hline 78}
{res}      1,677{txt}  observations remaining, representing
{res}      1,677{txt}  subjects
{res}        154{txt}  failures in single-failure-per-subject data
{res} 27,605.371{txt}  total analysis time at risk and under observation
                                                at risk from t = {res}        0
                                     {txt}earliest observed entry t = {res}        0
                                          {txt}last observed exit t = {res} 19.38123
{txt}
{com}. 
{txt}end of do-file

{com}. do "/var/folders/hv/m2nrhp7j4gd53fjvf985xgy80000gn/T//SD16921.000000"
{txt}
{com}. strate cholgrp, per(1000)

         {txt}failure _d:  {res}chd
   {txt}analysis time _t:  {res}(timeout-origin)/365.25
             {txt}origin:  {res}time timein
                 {txt}id:  {res}id

{txt}Estimated failure rates
Number of records  =       {res}1677
{txt}
  {c TLC}{hline 9}{c -}{hline 4}{c -}{hline 9}{c -}{hline 8}{c -}{hline 8}{c -}{hline 9}{c TRC}
  {c |} {res}cholgrp    D         Y     Rate    Lower     Upper {txt}{c |}
  {c LT}{hline 9}{c -}{hline 4}{c -}{hline 9}{c -}{hline 8}{c -}{hline 8}{c -}{hline 9}{c RT}
  {c |} {res}      1   14    3.9523   3.5422   2.0979    5.9809 {txt}{c |}
  {c |} {res}      2   52   11.1837   4.6496   3.5430    6.1018 {txt}{c |}
  {c |} {res}      3   59    8.9152   6.6179   5.1275    8.5415 {txt}{c |}
  {c |} {res}      4   29    3.5541   8.1596   5.6703   11.7418 {txt}{c |}
  {c BLC}{hline 9}{c -}{hline 4}{c -}{hline 9}{c -}{hline 8}{c -}{hline 8}{c -}{hline 9}{c BRC}
   Notes: Rate = D/Y = failures/person-time (per 1000).
          Lower and Upper are bounds of 95% confidence intervals.


{com}. 
{txt}end of do-file

{com}. do "/var/folders/hv/m2nrhp7j4gd53fjvf985xgy80000gn/T//SD16921.000000"
{txt}
{com}. 
. stmh cholgrp, c(2,1)

         {txt}failure _d:  {res}chd
   {txt}analysis time _t:  {res}(timeout-origin)/365.25
             {txt}origin:  {res}time timein
                 {txt}id:  {res}id

{txt}Mantel-Haenszel estimate of the rate ratio
  comparing {res}cholgrp==2{txt} vs. {res}cholgrp==1

{txt}{col 1}{hline 72}
    Rate ratio         chi2         P>chi2          [95% Conf. Interval]
{col 1}{hline 72}
    {res}     1.313         0.82         0.3648              0.728      2.368
{txt}{col 1}{hline 72}

{com}. 
{txt}end of do-file

{com}. do "/var/folders/hv/m2nrhp7j4gd53fjvf985xgy80000gn/T//SD16921.000000"
{txt}
{com}. stmh cholgrp, c(3,1)

         {txt}failure _d:  {res}chd
   {txt}analysis time _t:  {res}(timeout-origin)/365.25
             {txt}origin:  {res}time timein
                 {txt}id:  {res}id

{txt}Mantel-Haenszel estimate of the rate ratio
  comparing {res}cholgrp==3{txt} vs. {res}cholgrp==1

{txt}{col 1}{hline 72}
    Rate ratio         chi2         P>chi2          [95% Conf. Interval]
{col 1}{hline 72}
    {res}     1.868         4.57         0.0326              1.043      3.346
{txt}{col 1}{hline 72}

{com}. 
{txt}end of do-file

{com}. do "/var/folders/hv/m2nrhp7j4gd53fjvf985xgy80000gn/T//SD16921.000000"
{txt}
{com}. stmh cholgrp, c(4,1)

         {txt}failure _d:  {res}chd
   {txt}analysis time _t:  {res}(timeout-origin)/365.25
             {txt}origin:  {res}time timein
                 {txt}id:  {res}id

{txt}Mantel-Haenszel estimate of the rate ratio
  comparing {res}cholgrp==4{txt} vs. {res}cholgrp==1

{txt}{col 1}{hline 72}
    Rate ratio         chi2         P>chi2          [95% Conf. Interval]
{col 1}{hline 72}
    {res}     2.304         6.96         0.0083              1.217      4.359
{txt}{col 1}{hline 72}

{com}. 
{txt}end of do-file

{com}. do "/var/folders/hv/m2nrhp7j4gd53fjvf985xgy80000gn/T//SD16921.000000"
{txt}
{com}. stmh cholgrp

         {txt}failure _d:  {res}chd
   {txt}analysis time _t:  {res}(timeout-origin)/365.25
             {txt}origin:  {res}time timein
                 {txt}id:  {res}id

{txt}Score test for trend of rates with {res}cholgrp

{txt}Overall Mantel-Haenszel estimate
{col 1}{hline 72}
    Rate ratio         chi2         P>chi2          [95% Conf. Interval]
{col 1}{hline 72}
    {res}     1.341        10.45         0.0012              1.122      1.601
{txt}{col 1}{hline 72}
Note: The Rate ratio estimate is an {help j_stmh_approximate##|_new:approximation} to the rate ratio
      for a one-unit increase in {res}cholgrp{txt}.

{com}. 
{txt}end of do-file

{com}. do "/var/folders/hv/m2nrhp7j4gd53fjvf985xgy80000gn/T//SD16921.000000"
{txt}
{com}. stmh cholgrp, c(2,1) by(agecat)
{err}variable {bf}agecat{sf} not found
(error in option {bf:by()})
{txt}{search r(111), local:r(111);}

end of do-file

{search r(111), local:r(111);}

{com}. do "/var/folders/hv/m2nrhp7j4gd53fjvf985xgy80000gn/T//SD16921.000000"
{txt}
{com}. egen agecat = cut(agein), at(40, 45, 50, 55, 60, 65, 70) label
{txt}
{com}. 
{txt}end of do-file

{com}. do "/var/folders/hv/m2nrhp7j4gd53fjvf985xgy80000gn/T//SD16921.000000"
{txt}
{com}. stmh cholgrp, c(2,1) by(agecat)

         {txt}failure _d:  {res}chd
   {txt}analysis time _t:  {res}(timeout-origin)/365.25
             {txt}origin:  {res}time timein
                 {txt}id:  {res}id

{txt}Mantel-Haenszel estimates of the rate ratio
  comparing {res}cholgrp==2{txt} vs. {res}cholgrp==1
{txt}{p 2 0 0 72}by {bf:agecat}{p_end}

  {c TLC}{hline 8}{c -}{hline 12}{c -}{hline 7}{c -}{hline 7}{c TRC}
  {c |} {res}agecat   Rate ratio   Lower   Upper {txt}{c |}
  {c LT}{hline 8}{c -}{hline 12}{c -}{hline 7}{c -}{hline 7}{c RT}
  {c |} {res}   40-         0.83    0.08    9.16 {txt}{c |}
  {c |} {res}   45-         1.57    0.18   14.05 {txt}{c |}
  {c |} {res}   50-         1.94    0.24   15.53 {txt}{c |}
  {c |} {res}   55-         0.90    0.39    2.09 {txt}{c |}
  {c |} {res}   60-            .       .       . {txt}{c |}
  {c LT}{hline 8}{c -}{hline 12}{c -}{hline 7}{c -}{hline 7}{c RT}
  {c |} {res}   65-         0.46    0.09    2.26 {txt}{c |}
  {c BLC}{hline 8}{c -}{hline 12}{c -}{hline 7}{c -}{hline 7}{c BRC}
  Note: Lower and Upper are bounds of 95% confidence intervals.

{p 0 0 0 72}Overall Mantel-Haenszel estimate, controlling for {bf:agecat}{p_end}
{col 1}{hline 72}
    Rate ratio         chi2         P>chi2          [95% Conf. Interval]
{col 1}{hline 72}
    {res}     1.333         0.86         0.3538              0.725      2.451
{txt}{col 1}{hline 72}
Approx. test for unequal RRs (effect modification): chi2({res}5{txt})   = {res}    6.79
                                                    {txt}Pr>chi2   = {res}  0.2371
{txt}
{com}. 
{txt}end of do-file

{com}. do "/var/folders/hv/m2nrhp7j4gd53fjvf985xgy80000gn/T//SD16921.000000"
{txt}
{com}. stmh cholgrp, c(3,1) by(agecat)

         {txt}failure _d:  {res}chd
   {txt}analysis time _t:  {res}(timeout-origin)/365.25
             {txt}origin:  {res}time timein
                 {txt}id:  {res}id

{txt}Mantel-Haenszel estimates of the rate ratio
  comparing {res}cholgrp==3{txt} vs. {res}cholgrp==1
{txt}{p 2 0 0 72}by {bf:agecat}{p_end}

  {c TLC}{hline 8}{c -}{hline 12}{c -}{hline 7}{c -}{hline 7}{c TRC}
  {c |} {res}agecat   Rate ratio   Lower   Upper {txt}{c |}
  {c LT}{hline 8}{c -}{hline 12}{c -}{hline 7}{c -}{hline 7}{c RT}
  {c |} {res}   40-         2.82    0.34   23.42 {txt}{c |}
  {c |} {res}   45-         3.23    0.39   26.86 {txt}{c |}
  {c |} {res}   50-         5.92    0.79   44.22 {txt}{c |}
  {c |} {res}   55-         0.83    0.35    1.96 {txt}{c |}
  {c |} {res}   60-            .       .       . {txt}{c |}
  {c LT}{hline 8}{c -}{hline 12}{c -}{hline 7}{c -}{hline 7}{c RT}
  {c |} {res}   65-         0.64    0.15    2.70 {txt}{c |}
  {c BLC}{hline 8}{c -}{hline 12}{c -}{hline 7}{c -}{hline 7}{c BRC}
  Note: Lower and Upper are bounds of 95% confidence intervals.

{p 0 0 0 72}Overall Mantel-Haenszel estimate, controlling for {bf:agecat}{p_end}
{col 1}{hline 72}
    Rate ratio         chi2         P>chi2          [95% Conf. Interval]
{col 1}{hline 72}
    {res}     1.740         3.51         0.0609              0.968      3.129
{txt}{col 1}{hline 72}
Approx. test for unequal RRs (effect modification): chi2({res}5{txt})   = {res}    9.23
                                                    {txt}Pr>chi2   = {res}  0.1001
{txt}
{com}. 
{txt}end of do-file

{com}. do "/var/folders/hv/m2nrhp7j4gd53fjvf985xgy80000gn/T//SD16921.000000"
{txt}
{com}. stmh cholgrp, c(4,1) by(agecat)

         {txt}failure _d:  {res}chd
   {txt}analysis time _t:  {res}(timeout-origin)/365.25
             {txt}origin:  {res}time timein
                 {txt}id:  {res}id

{txt}Mantel-Haenszel estimates of the rate ratio
  comparing {res}cholgrp==4{txt} vs. {res}cholgrp==1
{txt}{p 2 0 0 72}by {bf:agecat}{p_end}

  {c TLC}{hline 8}{c -}{hline 12}{c -}{hline 7}{c -}{hline 7}{c TRC}
  {c |} {res}agecat   Rate ratio   Lower   Upper {txt}{c |}
  {c LT}{hline 8}{c -}{hline 12}{c -}{hline 7}{c -}{hline 7}{c RT}
  {c |} {res}   40-         2.91    0.26   32.06 {txt}{c |}
  {c |} {res}   45-         4.57    0.53   39.08 {txt}{c |}
  {c |} {res}   50-         4.22    0.51   35.02 {txt}{c |}
  {c |} {res}   55-         2.05    0.81    5.18 {txt}{c |}
  {c |} {res}   60-            .       .       . {txt}{c |}
  {c LT}{hline 8}{c -}{hline 12}{c -}{hline 7}{c -}{hline 7}{c RT}
  {c |} {res}   65-         0.00       .       . {txt}{c |}
  {c BLC}{hline 8}{c -}{hline 12}{c -}{hline 7}{c -}{hline 7}{c BRC}
  Note: Lower and Upper are bounds of 95% confidence intervals.

{p 0 0 0 72}Overall Mantel-Haenszel estimate, controlling for {bf:agecat}{p_end}
{col 1}{hline 72}
    Rate ratio         chi2         P>chi2          [95% Conf. Interval]
{col 1}{hline 72}
    {res}     3.103        11.57         0.0007              1.560      6.175
{txt}{col 1}{hline 72}
Approx. test for unequal RRs (effect modification): chi2({res}5{txt})   = {res}    6.21
                                                    {txt}Pr>chi2   = {res}  0.2862
{txt}
{com}. 
{txt}end of do-file

{com}. do "/var/folders/hv/m2nrhp7j4gd53fjvf985xgy80000gn/T//SD16921.000000"
{txt}
{com}. stmh cholgrp, by(agecat)

         {txt}failure _d:  {res}chd
   {txt}analysis time _t:  {res}(timeout-origin)/365.25
             {txt}origin:  {res}time timein
                 {txt}id:  {res}id

{txt}Score test for trend of rates with {res}cholgrp

{txt}Mantel-Haenszel estimates of the rate ratio
{p 2 0 0 72}by {bf:agecat}{p_end}

  {c TLC}{hline 8}{c -}{hline 12}{c -}{hline 7}{c -}{hline 7}{c TRC}
  {c |} {res}agecat   Rate ratio   Lower   Upper {txt}{c |}
  {c LT}{hline 8}{c -}{hline 12}{c -}{hline 7}{c -}{hline 7}{c RT}
  {c |} {res}   40-         1.70    0.87    3.32 {txt}{c |}
  {c |} {res}   45-         1.69    1.01    2.84 {txt}{c |}
  {c |} {res}   50-         1.63    1.10    2.40 {txt}{c |}
  {c |} {res}   55-         1.21    0.88    1.66 {txt}{c |}
  {c |} {res}   60-         1.55    1.01    2.37 {txt}{c |}
  {c LT}{hline 8}{c -}{hline 12}{c -}{hline 7}{c -}{hline 7}{c RT}
  {c |} {res}   65-         0.78    0.37    1.63 {txt}{c |}
  {c BLC}{hline 8}{c -}{hline 12}{c -}{hline 7}{c -}{hline 7}{c BRC}
  Note: Lower and Upper are bounds of 95% confidence intervals.

{p 0 0 0 72}Overall Mantel-Haenszel estimate, controlling for {bf:agecat}{p_end}
{col 1}{hline 72}
    Rate ratio         chi2         P>chi2          [95% Conf. Interval]
{col 1}{hline 72}
    {res}     1.408        13.38         0.0003              1.172      1.691
{txt}{col 1}{hline 72}
Approx. test for unequal RRs (effect modification): chi2({res}5{txt})   = {res}    4.90
                                                    {txt}Pr>chi2   = {res}  0.4276

{txt}Note: The Rate ratio estimates are {help j_stmh_approximate##|_new:approximations} to the rate ratios
      for a one-unit increase in {res}cholgrp{txt}.

{com}. 
{txt}end of do-file

{com}. do "/var/folders/hv/m2nrhp7j4gd53fjvf985xgy80000gn/T//SD16921.000000"
{txt}
{com}. 
. table cholgrp

{txt}{hline 10}{c TT}{hline 11}
grouped   {c |}
cholester {c |}
ol        {c |}      Freq.
{hline 10}{c +}{hline 11}
        1 {c |}        {res}240
        {txt}2 {c |}        {res}681
        {txt}3 {c |}        {res}541
        {txt}4 {c |}        {res}215
{txt}{hline 10}{c BT}{hline 11}

{com}. 
{txt}end of do-file

{com}. do "/var/folders/hv/m2nrhp7j4gd53fjvf985xgy80000gn/T//SD16921.000000"
{txt}
{com}. 
. 
. log close
      {txt}name:  {res}<unnamed>
       {txt}log:  {res}/Users/chaoimacmini/Downloads/LSHTMlearningnote/backupfiles/sme2.smcl
  {txt}log type:  {res}smcl
 {txt}closed on:  {res}17 Aug 2021, 23:20:45
{txt}{.-}
{smcl}
{txt}{sf}{ul off}